Archive member included to satisfy reference by file (symbol)

d:/cubeide/stm32cubeide_1.12.0/stm32cubeide/plugins/com.st.stm32cube.ide.mcu.externaltools.gnu-tools-for-stm32.10.3-2021.10.win32_1.0.200.202301161003/tools/bin/../lib/gcc/arm-none-eabi/10.3.1/../../../../arm-none-eabi/lib/thumb/v7-m/nofp\libc_nano.a(lib_a-errno.o)
                              ./Core/Src/syscalls.o (__errno)
d:/cubeide/stm32cubeide_1.12.0/stm32cubeide/plugins/com.st.stm32cube.ide.mcu.externaltools.gnu-tools-for-stm32.10.3-2021.10.win32_1.0.200.202301161003/tools/bin/../lib/gcc/arm-none-eabi/10.3.1/../../../../arm-none-eabi/lib/thumb/v7-m/nofp\libc_nano.a(lib_a-exit.o)
                              d:/cubeide/stm32cubeide_1.12.0/stm32cubeide/plugins/com.st.stm32cube.ide.mcu.externaltools.gnu-tools-for-stm32.10.3-2021.10.win32_1.0.200.202301161003/tools/bin/../lib/gcc/arm-none-eabi/10.3.1/../../../../arm-none-eabi/lib/thumb/v7-m/nofp/crt0.o (exit)
d:/cubeide/stm32cubeide_1.12.0/stm32cubeide/plugins/com.st.stm32cube.ide.mcu.externaltools.gnu-tools-for-stm32.10.3-2021.10.win32_1.0.200.202301161003/tools/bin/../lib/gcc/arm-none-eabi/10.3.1/../../../../arm-none-eabi/lib/thumb/v7-m/nofp\libc_nano.a(lib_a-impure.o)
                              d:/cubeide/stm32cubeide_1.12.0/stm32cubeide/plugins/com.st.stm32cube.ide.mcu.externaltools.gnu-tools-for-stm32.10.3-2021.10.win32_1.0.200.202301161003/tools/bin/../lib/gcc/arm-none-eabi/10.3.1/../../../../arm-none-eabi/lib/thumb/v7-m/nofp\libc_nano.a(lib_a-exit.o) (_global_impure_ptr)
d:/cubeide/stm32cubeide_1.12.0/stm32cubeide/plugins/com.st.stm32cube.ide.mcu.externaltools.gnu-tools-for-stm32.10.3-2021.10.win32_1.0.200.202301161003/tools/bin/../lib/gcc/arm-none-eabi/10.3.1/../../../../arm-none-eabi/lib/thumb/v7-m/nofp\libc_nano.a(lib_a-init.o)
                              d:/cubeide/stm32cubeide_1.12.0/stm32cubeide/plugins/com.st.stm32cube.ide.mcu.externaltools.gnu-tools-for-stm32.10.3-2021.10.win32_1.0.200.202301161003/tools/bin/../lib/gcc/arm-none-eabi/10.3.1/../../../../arm-none-eabi/lib/thumb/v7-m/nofp/crt0.o (__libc_init_array)
d:/cubeide/stm32cubeide_1.12.0/stm32cubeide/plugins/com.st.stm32cube.ide.mcu.externaltools.gnu-tools-for-stm32.10.3-2021.10.win32_1.0.200.202301161003/tools/bin/../lib/gcc/arm-none-eabi/10.3.1/../../../../arm-none-eabi/lib/thumb/v7-m/nofp\libc_nano.a(lib_a-memset.o)
                              d:/cubeide/stm32cubeide_1.12.0/stm32cubeide/plugins/com.st.stm32cube.ide.mcu.externaltools.gnu-tools-for-stm32.10.3-2021.10.win32_1.0.200.202301161003/tools/bin/../lib/gcc/arm-none-eabi/10.3.1/../../../../arm-none-eabi/lib/thumb/v7-m/nofp/crt0.o (memset)
d:/cubeide/stm32cubeide_1.12.0/stm32cubeide/plugins/com.st.stm32cube.ide.mcu.externaltools.gnu-tools-for-stm32.10.3-2021.10.win32_1.0.200.202301161003/tools/bin/../lib/gcc/arm-none-eabi/10.3.1/../../../../arm-none-eabi/lib/thumb/v7-m/nofp\libc_nano.a(lib_a-rand.o)
                              ./Core/Src/main.o (rand)
d:/cubeide/stm32cubeide_1.12.0/stm32cubeide/plugins/com.st.stm32cube.ide.mcu.externaltools.gnu-tools-for-stm32.10.3-2021.10.win32_1.0.200.202301161003/tools/bin/../lib/gcc/arm-none-eabi/10.3.1/../../../../arm-none-eabi/lib/thumb/v7-m/nofp\libc_nano.a(lib_a-assert.o)
                              d:/cubeide/stm32cubeide_1.12.0/stm32cubeide/plugins/com.st.stm32cube.ide.mcu.externaltools.gnu-tools-for-stm32.10.3-2021.10.win32_1.0.200.202301161003/tools/bin/../lib/gcc/arm-none-eabi/10.3.1/../../../../arm-none-eabi/lib/thumb/v7-m/nofp\libc_nano.a(lib_a-rand.o) (__assert_func)
d:/cubeide/stm32cubeide_1.12.0/stm32cubeide/plugins/com.st.stm32cube.ide.mcu.externaltools.gnu-tools-for-stm32.10.3-2021.10.win32_1.0.200.202301161003/tools/bin/../lib/gcc/arm-none-eabi/10.3.1/../../../../arm-none-eabi/lib/thumb/v7-m/nofp\libc_nano.a(lib_a-fprintf.o)
                              d:/cubeide/stm32cubeide_1.12.0/stm32cubeide/plugins/com.st.stm32cube.ide.mcu.externaltools.gnu-tools-for-stm32.10.3-2021.10.win32_1.0.200.202301161003/tools/bin/../lib/gcc/arm-none-eabi/10.3.1/../../../../arm-none-eabi/lib/thumb/v7-m/nofp\libc_nano.a(lib_a-assert.o) (fiprintf)
d:/cubeide/stm32cubeide_1.12.0/stm32cubeide/plugins/com.st.stm32cube.ide.mcu.externaltools.gnu-tools-for-stm32.10.3-2021.10.win32_1.0.200.202301161003/tools/bin/../lib/gcc/arm-none-eabi/10.3.1/../../../../arm-none-eabi/lib/thumb/v7-m/nofp\libc_nano.a(lib_a-malloc.o)
                              d:/cubeide/stm32cubeide_1.12.0/stm32cubeide/plugins/com.st.stm32cube.ide.mcu.externaltools.gnu-tools-for-stm32.10.3-2021.10.win32_1.0.200.202301161003/tools/bin/../lib/gcc/arm-none-eabi/10.3.1/../../../../arm-none-eabi/lib/thumb/v7-m/nofp\libc_nano.a(lib_a-rand.o) (malloc)
d:/cubeide/stm32cubeide_1.12.0/stm32cubeide/plugins/com.st.stm32cube.ide.mcu.externaltools.gnu-tools-for-stm32.10.3-2021.10.win32_1.0.200.202301161003/tools/bin/../lib/gcc/arm-none-eabi/10.3.1/../../../../arm-none-eabi/lib/thumb/v7-m/nofp\libc_nano.a(lib_a-nano-freer.o)
[...]
Memory Configuration

Name             Origin             Length             Attributes
RAM              0x0000000020000000 0x0000000000005000 xrw
FLASH            0x0000000008000000 0x0000000000020000 xr
*default*        0x0000000000000000 0xffffffffffffffff

Linker script and memory map

LOAD d:/cubeide/stm32cubeide_1.12.0/stm32cubeide/plugins/com.st.stm32cube.ide.mcu.externaltools.gnu-tools-for-stm32.10.3-2021.10.win32_1.0.200.202301161003/tools/bin/../lib/gcc/arm-none-eabi/10.3.1/thumb/v7-m/nofp/crti.o
LOAD d:/cubeide/stm32cubeide_1.12.0/stm32cubeide/plugins/com.st.stm32cube.ide.mcu.externaltools.gnu-tools-for-stm32.10.3-2021.10.win32_1.0.200.202301161003/tools/bin/../lib/gcc/arm-none-eabi/10.3.1/thumb/v7-m/nofp/crtbegin.o
LOAD d:/cubeide/stm32cubeide_1.12.0/stm32cubeide/plugins/com.st.stm32cube.ide.mcu.externaltools.gnu-tools-for-stm32.10.3-2021.10.win32_1.0.200.202301161003/tools/bin/../lib/gcc/arm-none-eabi/10.3.1/../../../../arm-none-eabi/lib/thumb/v7-m/nofp/crt0.o
LOAD ./Core/Src/ds24b33.o
LOAD ./Core/Src/main.o
LOAD ./Core/Src/onewire.o
LOAD ./Core/Src/stm32f1xx_hal_msp.o
LOAD ./Core/Src/stm32f1xx_it.o
LOAD ./Core/Src/syscalls.o
LOAD ./Core/Src/sysmem.o
LOAD ./Core/Src/system_stm32f1xx.o
LOAD ./Core/Startup/startup_stm32f103rbtx.o
LOAD ./Drivers/STM32F1xx_HAL_Driver/Src/stm32f1xx_hal.o
LOAD ./Drivers/STM32F1xx_HAL_Driver/Src/stm32f1xx_hal_cortex.o
LOAD ./Drivers/STM32F1xx_HAL_Driver/Src/stm32f1xx_hal_dma.o
LOAD ./Drivers/STM32F1xx_HAL_Driver/Src/stm32f1xx_hal_exti.o
LOAD ./Drivers/STM32F1xx_HAL_Driver/Src/stm32f1xx_hal_flash.o
LOAD ./Drivers/STM32F1xx_HAL_Driver/Src/stm32f1xx_hal_flash_ex.o
LOAD ./Drivers/STM32F1xx_HAL_Driver/Src/stm32f1xx_hal_gpio.o
LOAD ./Drivers/STM32F1xx_HAL_Driver/Src/stm32f1xx_hal_gpio_ex.o
LOAD ./Drivers/STM32F1xx_HAL_Driver/Src/stm32f1xx_hal_pwr.o
LOAD ./Drivers/STM32F1xx_HAL_Driver/Src/stm32f1xx_hal_rcc.o
LOAD ./Drivers/STM32F1xx_HAL_Driver/Src/stm32f1xx_hal_rcc_ex.o
LOAD ./Drivers/STM32F1xx_HAL_Driver/Src/stm32f1xx_hal_tim.o
LOAD ./Drivers/STM32F1xx_HAL_Driver/Src/stm32f1xx_hal_tim_ex.o
LOAD ./Drivers/STM32F1xx_HAL_Driver/Src/stm32f1xx_hal_uart.o
START GROUP
LOAD d:/cubeide/stm32cubeide_1.12.0/stm32cubeide/plugins/com.st.stm32cube.ide.mcu.externaltools.gnu-tools-for-stm32.10.3-2021.10.win32_1.0.200.202301161003/tools/bin/../lib/gcc/arm-none-eabi/10.3.1/../../../../arm-none-eabi/lib/thumb/v7-m/nofp\libc_nano.a
LOAD d:/cubeide/stm32cubeide_1.12.0/stm32cubeide/plugins/com.st.stm32cube.ide.mcu.externaltools.gnu-tools-for-stm32.10.3-2021.10.win32_1.0.200.202301161003/tools/bin/../lib/gcc/arm-none-eabi/10.3.1/../../../../arm-none-eabi/lib/thumb/v7-m/nofp\libm.a
END GROUP
START GROUP
LOAD d:/cubeide/stm32cubeide_1.12.0/stm32cubeide/plugins/com.st.stm32cube.ide.mcu.externaltools.gnu-tools-for-stm32.10.3-2021.10.win32_1.0.200.202301161003/tools/bin/../lib/gcc/arm-none-eabi/10.3.1/thumb/v7-m/nofp\libgcc.a
LOAD d:/cubeide/stm32cubeide_1.12.0/stm32cubeide/plugins/com.st.stm32cube.ide.mcu.externaltools.gnu-tools-for-stm32.10.3-2021.10.win32_1.0.200.202301161003/tools/bin/../lib/gcc/arm-none-eabi/10.3.1/../../../../arm-none-eabi/lib/thumb/v7-m/nofp\libc_nano.a
END GROUP
START GROUP
LOAD d:/cubeide/stm32cubeide_1.12.0/stm32cubeide/plugins/com.st.stm32cube.ide.mcu.externaltools.gnu-tools-for-stm32.10.3-2021.10.win32_1.0.200.202301161003/tools/bin/../lib/gcc/arm-none-eabi/10.3.1/thumb/v7-m/nofp\libgcc.a
LOAD d:/cubeide/stm32cubeide_1.12.0/stm32cubeide/plugins/com.st.stm32cube.ide.mcu.externaltools.gnu-tools-for-stm32.10.3-2021.10.win32_1.0.200.202301161003/tools/bin/../lib/gcc/arm-none-eabi/10.3.1/../../../../arm-none-eabi/lib/thumb/v7-m/nofp\libc_nano.a
LOAD d:/cubeide/stm32cubeide_1.12.0/stm32cubeide/plugins/com.st.stm32cube.ide.mcu.externaltools.gnu-tools-for-stm32.10.3-2021.10.win32_1.0.200.202301161003/tools/bin/../lib/gcc/arm-none-eabi/10.3.1/../../../../arm-none-eabi/lib/thumb/v7-m/nofp\libnosys.a
END GROUP
START GROUP
LOAD d:/cubeide/stm32cubeide_1.12.0/stm32cubeide/plugins/com.st.stm32cube.ide.mcu.externaltools.gnu-tools-for-stm32.10.3-2021.10.win32_1.0.200.202301161003/tools/bin/../lib/gcc/arm-none-eabi/10.3.1/thumb/v7-m/nofp\libgcc.a
LOAD d:/cubeide/stm32cubeide_1.12.0/stm32cubeide/plugins/com.st.stm32cube.ide.mcu.externaltools.gnu-tools-for-stm32.10.3-2021.10.win32_1.0.200.202301161003/tools/bin/../lib/gcc/arm-none-eabi/10.3.1/../../../../arm-none-eabi/lib/thumb/v7-m/nofp\libc_nano.a
LOAD d:/cubeide/stm32cubeide_1.12.0/stm32cubeide/plugins/com.st.stm32cube.ide.mcu.externaltools.gnu-tools-for-stm32.10.3-2021.10.win32_1.0.200.202301161003/tools/bin/../lib/gcc/arm-none-eabi/10.3.1/../../../../arm-none-eabi/lib/thumb/v7-m/nofp\libnosys.a
END GROUP
LOAD d:/cubeide/stm32cubeide_1.12.0/stm32cubeide/plugins/com.st.stm32cube.ide.mcu.externaltools.gnu-tools-for-stm32.10.3-2021.10.win32_1.0.200.202301161003/tools/bin/../lib/gcc/arm-none-eabi/10.3.1/thumb/v7-m/nofp/crtend.o
LOAD d:/cubeide/stm32cubeide_1.12.0/stm32cubeide/plugins/com.st.stm32cube.ide.mcu.externaltools.gnu-tools-for-stm32.10.3-2021.10.win32_1.0.200.202301161003/tools/bin/../lib/gcc/arm-none-eabi/10.3.1/thumb/v7-m/nofp/crtn.o
                0x0000000020005000                _estack = (ORIGIN (RAM) + LENGTH (RAM))
                0x0000000000000200                _Min_Heap_Size = 0x200
                0x0000000000000400                _Min_Stack_Size = 0x400

.isr_vector     0x0000000008000000      0x10c
                0x0000000008000000                . = ALIGN (0x4)
 *(.isr_vector)
 .isr_vector    0x0000000008000000      0x10c ./Core/Startup/startup_stm32f103rbtx.o
                0x0000000008000000                g_pfnVectors
                0x000000000800010c                . = ALIGN (0x4)

.text           0x000000000800010c     0x1e7c
                0x000000000800010c                . = ALIGN (0x4)
 *(.text)
 .text          0x000000000800010c       0x40 d:/cubeide/stm32cubeide_1.12.0/stm32cubeide/plugins/com.st.stm32cube.ide.mcu.externaltools.gnu-tools-for-stm32.10.3-2021.10.win32_1.0.200.202301161003/tools/bin/../lib/gcc/arm-none-eabi/10.3.1/thumb/v7-m/nofp/crtbegin.o
 *(.text*)
 .text.ExecuteCommand
                0x000000000800014c       0x72 ./Core/Src/ds24b33.o
 *fill*         0x00000000080001be        0x2 
 .text.WriteScratchpad
                0x00000000080001c0       0x34 ./Core/Src/ds24b33.o
                0x00000000080001c0                WriteScratchpad
 .text.ReadScratchpad
                0x00000000080001f4       0x28 ./Core/Src/ds24b33.o
                0x00000000080001f4                ReadScratchpad
 .text.CopyScratchpad
                0x000000000800021c       0x40 ./Core/Src/ds24b33.o
                0x000000000800021c                CopyScratchpad
 .text.ReadMemory
                0x000000000800025c       0x34 ./Core/Src/ds24b33.o
                0x000000000800025c                ReadMemory
 .text.ReadRom  0x0000000008000290       0x24 ./Core/Src/ds24b33.o
                0x0000000008000290                ReadRom
 .text.main     0x00000000080002b4       0xb4 ./Core/Src/main.o
                0x00000000080002b4                main
 .text.SystemClock_Config
                0x0000000008000368       0x82 ./Core/Src/main.o
                0x0000000008000368                SystemClock_Config
 *fill*         0x00000000080003ea        0x2 
 .text.MX_USART1_UART_Init
                0x00000000080003ec       0x54 ./Core/Src/main.o
 .text.MX_USART2_UART_Init
                0x0000000008000440       0x54 ./Core/Src/main.o
 .text.MX_GPIO_Init
                0x0000000008000494       0x74 ./Core/Src/main.o
 .text.write_data_toMem
                0x0000000008000508      0x12c ./Core/Src/main.o
 .text.write_Userdata
                0x0000000008000634      0x128 ./Core/Src/main.o
 .text.read_mem_data
                0x000000000800075c       0xc8 ./Core/Src/main.o
 .text.Error_Handler
                0x0000000008000824        0xa ./Core/Src/main.o
                0x0000000008000824                Error_Handler
 *fill*         0x000000000800082e        0x2 
 .text.SetBaudrate
                0x0000000008000830       0xd4 ./Core/Src/onewire.o
 .text.OneWire_Reset
                0x0000000008000904       0x5a ./Core/Src/onewire.o
                0x0000000008000904                OneWire_Reset
 .text.OneWire_ProcessBit
                0x000000000800095e       0x44 ./Core/Src/onewire.o
                0x000000000800095e                OneWire_ProcessBit
 .text.OneWire_ProcessByte
                0x00000000080009a2       0x6c ./Core/Src/onewire.o
                0x00000000080009a2                OneWire_ProcessByte
 *fill*         0x0000000008000a0e        0x2 
 .text.HAL_MspInit
                0x0000000008000a10       0x64 ./Core/Src/stm32f1xx_hal_msp.o
                0x0000000008000a10                HAL_MspInit
 .text.HAL_UART_MspInit
                0x0000000008000a74       0xd8 ./Core/Src/stm32f1xx_hal_msp.o
                0x0000000008000a74                HAL_UART_MspInit
 .text.NMI_Handler
                0x0000000008000b4c        0x6 ./Core/Src/stm32f1xx_it.o
                0x0000000008000b4c                NMI_Handler
 .text.HardFault_Handler
                0x0000000008000b52        0x6 ./Core/Src/stm32f1xx_it.o
                0x0000000008000b52                HardFault_Handler
 .text.MemManage_Handler
                0x0000000008000b58        0x6 ./Core/Src/stm32f1xx_it.o
                0x0000000008000b58                MemManage_Handler
 .text.BusFault_Handler
                0x0000000008000b5e        0x6 ./Core/Src/stm32f1xx_it.o
                0x0000000008000b5e                BusFault_Handler
 .text.UsageFault_Handler
                0x0000000008000b64        0x6 ./Core/Src/stm32f1xx_it.o
                0x0000000008000b64                UsageFault_Handler
 .text.SVC_Handler
                0x0000000008000b6a        0xc ./Core/Src/stm32f1xx_it.o
                0x0000000008000b6a                SVC_Handler
 .text.DebugMon_Handler
                0x0000000008000b76        0xc ./Core/Src/stm32f1xx_it.o
                0x0000000008000b76                DebugMon_Handler
 .text.PendSV_Handler
                0x0000000008000b82        0xc ./Core/Src/stm32f1xx_it.o
                0x0000000008000b82                PendSV_Handler
 .text.SysTick_Handler
                0x0000000008000b8e        0xc ./Core/Src/stm32f1xx_it.o
                0x0000000008000b8e                SysTick_Handler
 .text.SystemInit
                0x0000000008000b9a        0xc ./Core/Src/system_stm32f1xx.o
                0x0000000008000b9a                SystemInit
 *fill*         0x0000000008000ba6        0x2 
 .text.Reset_Handler
                0x0000000008000ba8       0x48 ./Core/Startup/startup_stm32f103rbtx.o
                0x0000000008000ba8                Reset_Handler
 .text.Default_Handler
                0x0000000008000bf0        0x2 ./Core/Startup/startup_stm32f103rbtx.o
                0x0000000008000bf0                RTC_Alarm_IRQHandler
                0x0000000008000bf0                EXTI2_IRQHandler
                0x0000000008000bf0                TIM1_CC_IRQHandler
                0x0000000008000bf0                PVD_IRQHandler
                0x0000000008000bf0                EXTI3_IRQHandler
                0x0000000008000bf0                EXTI0_IRQHandler
                0x0000000008000bf0                I2C2_EV_IRQHandler
                0x0000000008000bf0                ADC1_2_IRQHandler
                0x0000000008000bf0                SPI1_IRQHandler
                0x0000000008000bf0                TAMPER_IRQHandler
                0x0000000008000bf0                DMA1_Channel4_IRQHandler
                0x0000000008000bf0                USART3_IRQHandler
                0x0000000008000bf0                RTC_IRQHandler
                0x0000000008000bf0                DMA1_Channel7_IRQHandler
                0x0000000008000bf0                CAN1_RX1_IRQHandler
                0x0000000008000bf0                TIM4_IRQHandler
                0x0000000008000bf0                I2C1_EV_IRQHandler
                0x0000000008000bf0                DMA1_Channel6_IRQHandler
                0x0000000008000bf0                TIM3_IRQHandler
                0x0000000008000bf0                RCC_IRQHandler
                0x0000000008000bf0                TIM1_TRG_COM_IRQHandler
                0x0000000008000bf0                DMA1_Channel1_IRQHandler
                0x0000000008000bf0                Default_Handler
                0x0000000008000bf0                EXTI15_10_IRQHandler
                0x0000000008000bf0                EXTI9_5_IRQHandler
                0x0000000008000bf0                SPI2_IRQHandler
                0x0000000008000bf0                DMA1_Channel5_IRQHandler
                0x0000000008000bf0                EXTI4_IRQHandler
                0x0000000008000bf0                USB_LP_CAN1_RX0_IRQHandler
                0x0000000008000bf0                USB_HP_CAN1_TX_IRQHandler
                0x0000000008000bf0                DMA1_Channel3_IRQHandler
                0x0000000008000bf0                TIM1_UP_IRQHandler
                0x0000000008000bf0                WWDG_IRQHandler
                0x0000000008000bf0                TIM2_IRQHandler
                0x0000000008000bf0                TIM1_BRK_IRQHandler
                0x0000000008000bf0                EXTI1_IRQHandler
                0x0000000008000bf0                USART2_IRQHandler
                0x0000000008000bf0                I2C2_ER_IRQHandler
                0x0000000008000bf0                DMA1_Channel2_IRQHandler
                0x0000000008000bf0                CAN1_SCE_IRQHandler
                0x0000000008000bf0                FLASH_IRQHandler
                0x0000000008000bf0                USART1_IRQHandler
                0x0000000008000bf0                I2C1_ER_IRQHandler
                0x0000000008000bf0                USBWakeUp_IRQHandler
 *fill*         0x0000000008000bf2        0x2 
 .text.HAL_Init
                0x0000000008000bf4       0x2c ./Drivers/STM32F1xx_HAL_Driver/Src/stm32f1xx_hal.o
                0x0000000008000bf4                HAL_Init
 .text.HAL_InitTick
                0x0000000008000c20       0x60 ./Drivers/STM32F1xx_HAL_Driver/Src/stm32f1xx_hal.o
                0x0000000008000c20                HAL_InitTick
 .text.HAL_IncTick
                0x0000000008000c80       0x24 ./Drivers/STM32F1xx_HAL_Driver/Src/stm32f1xx_hal.o
                0x0000000008000c80                HAL_IncTick
 .text.HAL_GetTick
                0x0000000008000ca4       0x14 ./Drivers/STM32F1xx_HAL_Driver/Src/stm32f1xx_hal.o
                0x0000000008000ca4                HAL_GetTick
 .text.__NVIC_SetPriorityGrouping
                0x0000000008000cb8       0x48 ./Drivers/STM32F1xx_HAL_Driver/Src/stm32f1xx_hal_cortex.o
 .text.__NVIC_GetPriorityGrouping
                0x0000000008000d00       0x1c ./Drivers/STM32F1xx_HAL_Driver/Src/stm32f1xx_hal_cortex.o
 .text.__NVIC_SetPriority
                0x0000000008000d1c       0x54 ./Drivers/STM32F1xx_HAL_Driver/Src/stm32f1xx_hal_cortex.o
 .text.NVIC_EncodePriority
                0x0000000008000d70       0x64 ./Drivers/STM32F1xx_HAL_Driver/Src/stm32f1xx_hal_cortex.o
 .text.SysTick_Config
                0x0000000008000dd4       0x44 ./Drivers/STM32F1xx_HAL_Driver/Src/stm32f1xx_hal_cortex.o
 .text.HAL_NVIC_SetPriorityGrouping
                0x0000000008000e18       0x16 ./Drivers/STM32F1xx_HAL_Driver/Src/stm32f1xx_hal_cortex.o
                0x0000000008000e18                HAL_NVIC_SetPriorityGrouping
 .text.HAL_NVIC_SetPriority
                0x0000000008000e2e       0x38 ./Drivers/STM32F1xx_HAL_Driver/Src/stm32f1xx_hal_cortex.o
                0x0000000008000e2e                HAL_NVIC_SetPriority
 .text.HAL_SYSTICK_Config
                0x0000000008000e66       0x18 ./Drivers/STM32F1xx_HAL_Driver/Src/stm32f1xx_hal_cortex.o
                0x0000000008000e66                HAL_SYSTICK_Config
 *fill*         0x0000000008000e7e        0x2 
 .text.HAL_GPIO_Init
                0x0000000008000e80      0x308 ./Drivers/STM32F1xx_HAL_Driver/Src/stm32f1xx_hal_gpio.o
                0x0000000008000e80                HAL_GPIO_Init
 .text.HAL_RCC_OscConfig
                0x0000000008001188      0x504 ./Drivers/STM32F1xx_HAL_Driver/Src/stm32f1xx_hal_rcc.o
                0x0000000008001188                HAL_RCC_OscConfig
 .text.HAL_RCC_ClockConfig
                0x000000000800168c      0x1d4 ./Drivers/STM32F1xx_HAL_Driver/Src/stm32f1xx_hal_rcc.o
                0x000000000800168c                HAL_RCC_ClockConfig
 .text.HAL_RCC_GetSysClockFreq
                0x0000000008001860       0xbc ./Drivers/STM32F1xx_HAL_Driver/Src/stm32f1xx_hal_rcc.o
                0x0000000008001860                HAL_RCC_GetSysClockFreq
 .text.HAL_RCC_GetHCLKFreq
                0x000000000800191c       0x14 ./Drivers/STM32F1xx_HAL_Driver/Src/stm32f1xx_hal_rcc.o
                0x000000000800191c                HAL_RCC_GetHCLKFreq
 .text.HAL_RCC_GetPCLK1Freq
                0x0000000008001930       0x28 ./Drivers/STM32F1xx_HAL_Driver/Src/stm32f1xx_hal_rcc.o
                0x0000000008001930                HAL_RCC_GetPCLK1Freq
 .text.HAL_RCC_GetPCLK2Freq
                0x0000000008001958       0x28 ./Drivers/STM32F1xx_HAL_Driver/Src/stm32f1xx_hal_rcc.o
                0x0000000008001958                HAL_RCC_GetPCLK2Freq
 .text.RCC_Delay
                0x0000000008001980       0x3c ./Drivers/STM32F1xx_HAL_Driver/Src/stm32f1xx_hal_rcc.o
 .text.HAL_UART_Init
                0x00000000080019bc       0x9a ./Drivers/STM32F1xx_HAL_Driver/Src/stm32f1xx_hal_uart.o
                0x00000000080019bc                HAL_UART_Init
 .text.HAL_HalfDuplex_Init
                0x0000000008001a56       0xaa ./Drivers/STM32F1xx_HAL_Driver/Src/stm32f1xx_hal_uart.o
                0x0000000008001a56                HAL_HalfDuplex_Init
 .text.HAL_UART_Transmit
                0x0000000008001b00      0x124 ./Drivers/STM32F1xx_HAL_Driver/Src/stm32f1xx_hal_uart.o
                0x0000000008001b00                HAL_UART_Transmit
 .text.HAL_UART_Receive
                0x0000000008001c24      0x144 ./Drivers/STM32F1xx_HAL_Driver/Src/stm32f1xx_hal_uart.o
                0x0000000008001c24                HAL_UART_Receive
 .text.UART_WaitOnFlagUntilTimeout
                0x0000000008001d68       0x94 ./Drivers/STM32F1xx_HAL_Driver/Src/stm32f1xx_hal_uart.o
 .text.UART_SetConfig
                0x0000000008001dfc      0x11c ./Drivers/STM32F1xx_HAL_Driver/Src/stm32f1xx_hal_uart.o
 .text.__libc_init_array
                0x0000000008001f18       0x48 d:/cubeide/stm32cubeide_1.12.0/stm32cubeide/plugins/com.st.stm32cube.ide.mcu.externaltools.gnu-tools-for-stm32.10.3-2021.10.win32_1.0.200.202301161003/tools/bin/../lib/gcc/arm-none-eabi/10.3.1/../../../../arm-none-eabi/lib/thumb/v7-m/nofp\libc_nano.a(lib_a-init.o)
                0x0000000008001f18                __libc_init_array
 .text.memset   0x0000000008001f60       0x10 d:/cubeide/stm32cubeide_1.12.0/stm32cubeide/plugins/com.st.stm32cube.ide.mcu.externaltools.gnu-tools-for-stm32.10.3-2021.10.win32_1.0.200.202301161003/tools/bin/../lib/gcc/arm-none-eabi/10.3.1/../../../../arm-none-eabi/lib/thumb/v7-m/nofp\libc_nano.a(lib_a-memset.o)
                0x0000000008001f60                memset
 *(.glue_7)
 .glue_7        0x0000000008001f70        0x0 linker stubs
 *(.glue_7t)
 .glue_7t       0x0000000008001f70        0x0 linker stubs
 *(.eh_frame)
 .eh_frame      0x0000000008001f70        0x0 d:/cubeide/stm32cubeide_1.12.0/stm32cubeide/plugins/com.st.stm32cube.ide.mcu.externaltools.gnu-tools-for-stm32.10.3-2021.10.win32_1.0.200.202301161003/tools/bin/../lib/gcc/arm-none-eabi/10.3.1/thumb/v7-m/nofp/crtbegin.o
 *(.init)
 .init          0x0000000008001f70        0x4 d:/cubeide/stm32cubeide_1.12.0/stm32cubeide/plugins/com.st.stm32cube.ide.mcu.externaltools.gnu-tools-for-stm32.10.3-2021.10.win32_1.0.200.202301161003/tools/bin/../lib/gcc/arm-none-eabi/10.3.1/thumb/v7-m/nofp/crti.o
                0x0000000008001f70                _init
 .init          0x0000000008001f74        0x8 d:/cubeide/stm32cubeide_1.12.0/stm32cubeide/plugins/com.st.stm32cube.ide.mcu.externaltools.gnu-tools-for-stm32.10.3-2021.10.win32_1.0.200.202301161003/tools/bin/../lib/gcc/arm-none-eabi/10.3.1/thumb/v7-m/nofp/crtn.o
 *(.fini)
 .fini          0x0000000008001f7c        0x4 d:/cubeide/stm32cubeide_1.12.0/stm32cubeide/plugins/com.st.stm32cube.ide.mcu.externaltools.gnu-tools-for-stm32.10.3-2021.10.win32_1.0.200.202301161003/tools/bin/../lib/gcc/arm-none-eabi/10.3.1/thumb/v7-m/nofp/crti.o
                0x0000000008001f7c                _fini
 .fini          0x0000000008001f80        0x8 d:/cubeide/stm32cubeide_1.12.0/stm32cubeide/plugins/com.st.stm32cube.ide.mcu.externaltools.gnu-tools-for-stm32.10.3-2021.10.win32_1.0.200.202301161003/tools/bin/../lib/gcc/arm-none-eabi/10.3.1/thumb/v7-m/nofp/crtn.o
                0x0000000008001f88                . = ALIGN (0x4)
                0x0000000008001f88                _etext = .

.vfp11_veneer   0x0000000008001f88        0x0
 .vfp11_veneer  0x0000000008001f88        0x0 linker stubs

.v4_bx          0x0000000008001f88        0x0
 .v4_bx         0x0000000008001f88        0x0 linker stubs

.iplt           0x0000000008001f88        0x0
 .iplt          0x0000000008001f88        0x0 d:/cubeide/stm32cubeide_1.12.0/stm32cubeide/plugins/com.st.stm32cube.ide.mcu.externaltools.gnu-tools-for-stm32.10.3-2021.10.win32_1.0.200.202301161003/tools/bin/../lib/gcc/arm-none-eabi/10.3.1/thumb/v7-m/nofp/crtbegin.o

.rodata         0x0000000008001f88       0x70
                0x0000000008001f88                . = ALIGN (0x4)
 *(.rodata)
 .rodata        0x0000000008001f88       0x48 ./Core/Src/main.o
 .rodata        0x0000000008001fd0       0x10 ./Drivers/STM32F1xx_HAL_Driver/Src/stm32f1xx_hal_rcc.o
 *(.rodata*)
 .rodata.AHBPrescTable
                0x0000000008001fe0       0x10 ./Core/Src/system_stm32f1xx.o
                0x0000000008001fe0                AHBPrescTable
 .rodata.APBPrescTable
                0x0000000008001ff0        0x8 ./Core/Src/system_stm32f1xx.o
                0x0000000008001ff0                APBPrescTable
                0x0000000008001ff8                . = ALIGN (0x4)

.rel.dyn        0x0000000008001ff8        0x0
 .rel.iplt      0x0000000008001ff8        0x0 d:/cubeide/stm32cubeide_1.12.0/stm32cubeide/plugins/com.st.stm32cube.ide.mcu.externaltools.gnu-tools-for-stm32.10.3-2021.10.win32_1.0.200.202301161003/tools/bin/../lib/gcc/arm-none-eabi/10.3.1/thumb/v7-m/nofp/crtbegin.o

.ARM.extab      0x0000000008001ff8        0x0
                0x0000000008001ff8                . = ALIGN (0x4)
 *(.ARM.extab* .gnu.linkonce.armextab.*)
                0x0000000008001ff8                . = ALIGN (0x4)

.ARM            0x0000000008001ff8        0x0
                0x0000000008001ff8                . = ALIGN (0x4)
                0x0000000008001ff8                __exidx_start = .
 *(.ARM.exidx*)
                0x0000000008001ff8                __exidx_end = .
                0x0000000008001ff8                . = ALIGN (0x4)

.preinit_array  0x0000000008001ff8        0x0
                0x0000000008001ff8                . = ALIGN (0x4)
                0x0000000008001ff8                PROVIDE (__preinit_array_start = .)
 *(.preinit_array*)
                0x0000000008001ff8                PROVIDE (__preinit_array_end = .)
                0x0000000008001ff8                . = ALIGN (0x4)

.init_array     0x0000000008001ff8        0x4
                0x0000000008001ff8                . = ALIGN (0x4)
                0x0000000008001ff8                PROVIDE (__init_array_start = .)
 *(SORT_BY_NAME(.init_array.*))
 *(.init_array*)
 .init_array    0x0000000008001ff8        0x4 d:/cubeide/stm32cubeide_1.12.0/stm32cubeide/plugins/com.st.stm32cube.ide.mcu.externaltools.gnu-tools-for-stm32.10.3-2021.10.win32_1.0.200.202301161003/tools/bin/../lib/gcc/arm-none-eabi/10.3.1/thumb/v7-m/nofp/crtbegin.o
                0x0000000008001ffc                PROVIDE (__init_array_end = .)
                0x0000000008001ffc                . = ALIGN (0x4)

.fini_array     0x0000000008001ffc        0x4
                0x0000000008001ffc                . = ALIGN (0x4)
                [!provide]                        PROVIDE (__fini_array_start = .)
 *(SORT_BY_NAME(.fini_array.*))
 *(.fini_array*)
 .fini_array    0x0000000008001ffc        0x4 d:/cubeide/stm32cubeide_1.12.0/stm32cubeide/plugins/com.st.stm32cube.ide.mcu.externaltools.gnu-tools-for-stm32.10.3-2021.10.win32_1.0.200.202301161003/tools/bin/../lib/gcc/arm-none-eabi/10.3.1/thumb/v7-m/nofp/crtbegin.o
                [!provide]                        PROVIDE (__fini_array_end = .)
                0x0000000008002000                . = ALIGN (0x4)
                0x0000000008002000                _sidata = LOADADDR (.data)

.data           0x0000000020000000       0x34 load address 0x0000000008002000
                0x0000000020000000                . = ALIGN (0x4)
                0x0000000020000000                _sdata = .
 *(.data)
 *(.data*)
 .data.writeScratch
                0x0000000020000000        0x6 ./Core/Src/ds24b33.o
 *fill*         0x0000000020000006        0x2 
 .data.readScratch
                0x0000000020000008        0x6 ./Core/Src/ds24b33.o
 *fill*         0x000000002000000e        0x2 
 .data.copyScratch
                0x0000000020000010        0x6 ./Core/Src/ds24b33.o
 *fill*         0x0000000020000016        0x2 
 .data.readMemory
                0x0000000020000018        0x6 ./Core/Src/ds24b33.o
 *fill*         0x000000002000001e        0x2 
 .data.readRom  0x0000000020000020        0x6 ./Core/Src/ds24b33.o
 *fill*         0x0000000020000026        0x2 
 .data.SystemCoreClock
                0x0000000020000028        0x4 ./Core/Src/system_stm32f1xx.o
                0x0000000020000028                SystemCoreClock
 .data.uwTickPrio
                0x000000002000002c        0x4 ./Drivers/STM32F1xx_HAL_Driver/Src/stm32f1xx_hal.o
                0x000000002000002c                uwTickPrio
 .data.uwTickFreq
                0x0000000020000030        0x1 ./Drivers/STM32F1xx_HAL_Driver/Src/stm32f1xx_hal.o
                0x0000000020000030                uwTickFreq
 *(.RamFunc)
 *(.RamFunc*)
                0x0000000020000034                . = ALIGN (0x4)
 *fill*         0x0000000020000031        0x3 
                0x0000000020000034                _edata = .

.igot.plt       0x0000000020000034        0x0 load address 0x0000000008002034
 .igot.plt      0x0000000020000034        0x0 d:/cubeide/stm32cubeide_1.12.0/stm32cubeide/plugins/com.st.stm32cube.ide.mcu.externaltools.gnu-tools-for-stm32.10.3-2021.10.win32_1.0.200.202301161003/tools/bin/../lib/gcc/arm-none-eabi/10.3.1/thumb/v7-m/nofp/crtbegin.o
                0x0000000020000034                . = ALIGN (0x4)

.bss            0x0000000020000034       0xa8 load address 0x0000000008002034
                0x0000000020000034                _sbss = .
                0x0000000020000034                __bss_start__ = _sbss
 *(.bss)
 .bss           0x0000000020000034       0x1c d:/cubeide/stm32cubeide_1.12.0/stm32cubeide/plugins/com.st.stm32cube.ide.mcu.externaltools.gnu-tools-for-stm32.10.3-2021.10.win32_1.0.200.202301161003/tools/bin/../lib/gcc/arm-none-eabi/10.3.1/thumb/v7-m/nofp/crtbegin.o
 *(.bss*)
 .bss.huart1    0x0000000020000050       0x44 ./Core/Src/main.o
                0x0000000020000050                huart1
 .bss.huart2    0x0000000020000094       0x44 ./Core/Src/main.o
                0x0000000020000094                huart2
 .bss.uwTick    0x00000000200000d8        0x4 ./Drivers/STM32F1xx_HAL_Driver/Src/stm32f1xx_hal.o
                0x00000000200000d8                uwTick
 *(COMMON)
                0x00000000200000dc                . = ALIGN (0x4)
                0x00000000200000dc                _ebss = .
                0x00000000200000dc                __bss_end__ = _ebss

._user_heap_stack
                0x00000000200000dc      0x604 load address 0x0000000008002034
                0x00000000200000e0                . = ALIGN (0x8)
 *fill*         0x00000000200000dc        0x4 
                [!provide]                        PROVIDE (end = .)
                0x00000000200000e0                PROVIDE (_end = .)
                0x00000000200002e0                . = (. + _Min_Heap_Size)
 *fill*         0x00000000200000e0      0x200 
                0x00000000200006e0                . = (. + _Min_Stack_Size)
 *fill*         0x00000000200002e0      0x400 
                0x00000000200006e0                . = ALIGN (0x8)

/DISCARD/
 libc.a(*)
 libm.a(*)
 libgcc.a(*)

.ARM.attributes
                0x0000000000000000       0x29
 *(.ARM.attributes)
 .ARM.attributes
                0x0000000000000000       0x1d d:/cubeide/stm32cubeide_1.12.0/stm32cubeide/plugins/com.st.stm32cube.ide.mcu.externaltools.gnu-tools-for-stm32.10.3-2021.10.win32_1.0.200.202301161003/tools/bin/../lib/gcc/arm-none-eabi/10.3.1/thumb/v7-m/nofp/crti.o
 .ARM.attributes
                0x000000000000001d       0x2d d:/cubeide/stm32cubeide_1.12.0/stm32cubeide/plugins/com.st.stm32cube.ide.mcu.externaltools.gnu-tools-for-stm32.10.3-2021.10.win32_1.0.200.202301161003/tools/bin/../lib/gcc/arm-none-eabi/10.3.1/thumb/v7-m/nofp/crtbegin.o
 .ARM.attributes
                0x000000000000004a       0x2d ./Core/Src/ds24b33.o
 .ARM.attributes
                0x0000000000000077       0x2d ./Core/Src/main.o
 .ARM.attributes
                0x00000000000000a4       0x2d ./Core/Src/onewire.o
 .ARM.attributes
                0x00000000000000d1       0x2d ./Core/Src/stm32f1xx_hal_msp.o
 .ARM.attributes
                0x00000000000000fe       0x2d ./Core/Src/stm32f1xx_it.o
 .ARM.attributes
                0x000000000000012b       0x2d ./Core/Src/system_stm32f1xx.o
 .ARM.attributes
                0x0000000000000158       0x21 ./Core/Startup/startup_stm32f103rbtx.o
 .ARM.attributes
                0x0000000000000179       0x2d ./Drivers/STM32F1xx_HAL_Driver/Src/stm32f1xx_hal.o
 .ARM.attributes
                0x00000000000001a6       0x2d ./Drivers/STM32F1xx_HAL_Driver/Src/stm32f1xx_hal_cortex.o
 .ARM.attributes
                0x00000000000001d3       0x2d ./Drivers/STM32F1xx_HAL_Driver/Src/stm32f1xx_hal_gpio.o
 .ARM.attributes
                0x0000000000000200       0x2d ./Drivers/STM32F1xx_HAL_Driver/Src/stm32f1xx_hal_rcc.o
 .ARM.attributes
                0x000000000000022d       0x2d ./Drivers/STM32F1xx_HAL_Driver/Src/stm32f1xx_hal_uart.o
 .ARM.attributes
                0x000000000000025a       0x2d d:/cubeide/stm32cubeide_1.12.0/stm32cubeide/plugins/com.st.stm32cube.ide.mcu.externaltools.gnu-tools-for-stm32.10.3-2021.10.win32_1.0.200.202301161003/tools/bin/../lib/gcc/arm-none-eabi/10.3.1/../../../../arm-none-eabi/lib/thumb/v7-m/nofp\libc_nano.a(lib_a-init.o)
 .ARM.attributes
                0x0000000000000287       0x2d d:/cubeide/stm32cubeide_1.12.0/stm32cubeide/plugins/com.st.stm32cube.ide.mcu.externaltools.gnu-tools-for-stm32.10.3-2021.10.win32_1.0.200.202301161003/tools/bin/../lib/gcc/arm-none-eabi/10.3.1/../../../../arm-none-eabi/lib/thumb/v7-m/nofp\libc_nano.a(lib_a-memset.o)
 .ARM.attributes
                0x00000000000002b4       0x1d d:/cubeide/stm32cubeide_1.12.0/stm32cubeide/plugins/com.st.stm32cube.ide.mcu.externaltools.gnu-tools-for-stm32.10.3-2021.10.win32_1.0.200.202301161003/tools/bin/../lib/gcc/arm-none-eabi/10.3.1/thumb/v7-m/nofp/crtn.o
OUTPUT(1-wire.elf elf32-littlearm)
LOAD linker stubs
LOAD d:/cubeide/stm32cubeide_1.12.0/stm32cubeide/plugins/com.st.stm32cube.ide.mcu.externaltools.gnu-tools-for-stm32.10.3-2021.10.win32_1.0.200.202301161003/tools/bin/../lib/gcc/arm-none-eabi/10.3.1/../../../../arm-none-eabi/lib/thumb/v7-m/nofp\libc.a
LOAD d:/cubeide/stm32cubeide_1.12.0/stm32cubeide/plugins/com.st.stm32cube.ide.mcu.externaltools.gnu-tools-for-stm32.10.3-2021.10.win32_1.0.200.202301161003/tools/bin/../lib/gcc/arm-none-eabi/10.3.1/../../../../arm-none-eabi/lib/thumb/v7-m/nofp\libm.a
LOAD d:/cubeide/stm32cubeide_1.12.0/stm32cubeide/plugins/com.st.stm32cube.ide.mcu.externaltools.gnu-tools-for-stm32.10.3-2021.10.win32_1.0.200.202301161003/tools/bin/../lib/gcc/arm-none-eabi/10.3.1/thumb/v7-m/nofp\libgcc.a

.debug_info     0x0000000000000000     0x6004
 .debug_info    0x0000000000000000      0x7bd ./Core/Src/ds24b33.o
 .debug_info    0x00000000000007bd      0xe38 ./Core/Src/main.o
 .debug_info    0x00000000000015f5      0x776 ./Core/Src/onewire.o
 .debug_info    0x0000000000001d6b      0x877 ./Core/Src/stm32f1xx_hal_msp.o
 .debug_info    0x00000000000025e2      0x122 ./Core/Src/stm32f1xx_it.o
 .debug_info    0x0000000000002704      0x23d ./Core/Src/system_stm32f1xx.o
 .debug_info    0x0000000000002941       0x22 ./Core/Startup/startup_stm32f103rbtx.o
 .debug_info    0x0000000000002963      0x734 ./Drivers/STM32F1xx_HAL_Driver/Src/stm32f1xx_hal.o
 .debug_info    0x0000000000003097      0xb20 ./Drivers/STM32F1xx_HAL_Driver/Src/stm32f1xx_hal_cortex.o
 .debug_info    0x0000000000003bb7      0x615 ./Drivers/STM32F1xx_HAL_Driver/Src/stm32f1xx_hal_gpio.o
 .debug_info    0x00000000000041cc      0x860 ./Drivers/STM32F1xx_HAL_Driver/Src/stm32f1xx_hal_rcc.o
 .debug_info    0x0000000000004a2c     0x15d8 ./Drivers/STM32F1xx_HAL_Driver/Src/stm32f1xx_hal_uart.o

.debug_abbrev   0x0000000000000000     0x1574
 .debug_abbrev  0x0000000000000000      0x197 ./Core/Src/ds24b33.o
 .debug_abbrev  0x0000000000000197      0x326 ./Core/Src/main.o
 .debug_abbrev  0x00000000000004bd      0x19f ./Core/Src/onewire.o
 .debug_abbrev  0x000000000000065c      0x194 ./Core/Src/stm32f1xx_hal_msp.o
 .debug_abbrev  0x00000000000007f0       0x74 ./Core/Src/stm32f1xx_it.o
 .debug_abbrev  0x0000000000000864      0x13b ./Core/Src/system_stm32f1xx.o
 .debug_abbrev  0x000000000000099f       0x12 ./Core/Startup/startup_stm32f103rbtx.o
 .debug_abbrev  0x00000000000009b1      0x1fb ./Drivers/STM32F1xx_HAL_Driver/Src/stm32f1xx_hal.o
 .debug_abbrev  0x0000000000000bac      0x2ed ./Drivers/STM32F1xx_HAL_Driver/Src/stm32f1xx_hal_cortex.o
 .debug_abbrev  0x0000000000000e99      0x1bb ./Drivers/STM32F1xx_HAL_Driver/Src/stm32f1xx_hal_gpio.o
 .debug_abbrev  0x0000000000001054      0x2a8 ./Drivers/STM32F1xx_HAL_Driver/Src/stm32f1xx_hal_rcc.o
 .debug_abbrev  0x00000000000012fc      0x278 ./Drivers/STM32F1xx_HAL_Driver/Src/stm32f1xx_hal_uart.o

.debug_aranges  0x0000000000000000      0x6a0
 .debug_aranges
                0x0000000000000000       0x48 ./Core/Src/ds24b33.o
 .debug_aranges
                0x0000000000000048       0x78 ./Core/Src/main.o
 .debug_aranges
                0x00000000000000c0       0x38 ./Core/Src/onewire.o
 .debug_aranges
                0x00000000000000f8       0x30 ./Core/Src/stm32f1xx_hal_msp.o
 .debug_aranges
                0x0000000000000128       0x60 ./Core/Src/stm32f1xx_it.o
 .debug_aranges
                0x0000000000000188       0x28 ./Core/Src/system_stm32f1xx.o
 .debug_aranges
                0x00000000000001b0       0x28 ./Core/Startup/startup_stm32f103rbtx.o
 .debug_aranges
                0x00000000000001d8       0xe0 ./Drivers/STM32F1xx_HAL_Driver/Src/stm32f1xx_hal.o
 .debug_aranges
                0x00000000000002b8      0x100 ./Drivers/STM32F1xx_HAL_Driver/Src/stm32f1xx_hal_cortex.o
 .debug_aranges
                0x00000000000003b8       0x58 ./Drivers/STM32F1xx_HAL_Driver/Src/stm32f1xx_hal_gpio.o
 .debug_aranges
                0x0000000000000410       0x90 ./Drivers/STM32F1xx_HAL_Driver/Src/stm32f1xx_hal_rcc.o
 .debug_aranges
                0x00000000000004a0      0x200 ./Drivers/STM32F1xx_HAL_Driver/Src/stm32f1xx_hal_uart.o

.debug_ranges   0x0000000000000000      0x618
 .debug_ranges  0x0000000000000000       0x38 ./Core/Src/ds24b33.o
 .debug_ranges  0x0000000000000038       0x68 ./Core/Src/main.o
 .debug_ranges  0x00000000000000a0       0x28 ./Core/Src/onewire.o
 .debug_ranges  0x00000000000000c8       0x20 ./Core/Src/stm32f1xx_hal_msp.o
 .debug_ranges  0x00000000000000e8       0x50 ./Core/Src/stm32f1xx_it.o
 .debug_ranges  0x0000000000000138       0x18 ./Core/Src/system_stm32f1xx.o
 .debug_ranges  0x0000000000000150       0x20 ./Core/Startup/startup_stm32f103rbtx.o
 .debug_ranges  0x0000000000000170       0xd0 ./Drivers/STM32F1xx_HAL_Driver/Src/stm32f1xx_hal.o
 .debug_ranges  0x0000000000000240       0xf0 ./Drivers/STM32F1xx_HAL_Driver/Src/stm32f1xx_hal_cortex.o
 .debug_ranges  0x0000000000000330       0x48 ./Drivers/STM32F1xx_HAL_Driver/Src/stm32f1xx_hal_gpio.o
 .debug_ranges  0x0000000000000378       0x80 ./Drivers/STM32F1xx_HAL_Driver/Src/stm32f1xx_hal_rcc.o
 .debug_ranges  0x00000000000003f8      0x220 ./Drivers/STM32F1xx_HAL_Driver/Src/stm32f1xx_hal_uart.o

.debug_macro    0x0000000000000000    0x16db5
 .debug_macro   0x0000000000000000      0x1a7 ./Core/Src/ds24b33.o
 .debug_macro   0x00000000000001a7      0xa6c ./Core/Src/ds24b33.o
 .debug_macro   0x0000000000000c13      0x215 ./Core/Src/ds24b33.o
 .debug_macro   0x0000000000000e28       0x2e ./Core/Src/ds24b33.o
 .debug_macro   0x0000000000000e56       0x22 ./Core/Src/ds24b33.o
 .debug_macro   0x0000000000000e78       0x22 ./Core/Src/ds24b33.o
 .debug_macro   0x0000000000000e9a       0x8e ./Core/Src/ds24b33.o
 .debug_macro   0x0000000000000f28       0x51 ./Core/Src/ds24b33.o
 .debug_macro   0x0000000000000f79      0x103 ./Core/Src/ds24b33.o
 .debug_macro   0x000000000000107c       0x6a ./Core/Src/ds24b33.o
 .debug_macro   0x00000000000010e6      0x1df ./Core/Src/ds24b33.o
 .debug_macro   0x00000000000012c5       0x1c ./Core/Src/ds24b33.o
 .debug_macro   0x00000000000012e1       0x22 ./Core/Src/ds24b33.o
 .debug_macro   0x0000000000001303       0xbd ./Core/Src/ds24b33.o
 .debug_macro   0x00000000000013c0      0xd23 ./Core/Src/ds24b33.o
 .debug_macro   0x00000000000020e3     0xe09e ./Core/Src/ds24b33.o
 .debug_macro   0x0000000000010181       0x6d ./Core/Src/ds24b33.o
 .debug_macro   0x00000000000101ee     0x3468 ./Core/Src/ds24b33.o
 .debug_macro   0x0000000000013656      0x174 ./Core/Src/ds24b33.o
 .debug_macro   0x00000000000137ca       0x5c ./Core/Src/ds24b33.o
 .debug_macro   0x0000000000013826      0x5be ./Core/Src/ds24b33.o
 .debug_macro   0x0000000000013de4      0x289 ./Core/Src/ds24b33.o
 .debug_macro   0x000000000001406d      0x1cb ./Core/Src/ds24b33.o
 .debug_macro   0x0000000000014238      0x114 ./Core/Src/ds24b33.o
 .debug_macro   0x000000000001434c      0x1b2 ./Core/Src/ds24b33.o
 .debug_macro   0x00000000000144fe       0x27 ./Core/Src/ds24b33.o
 .debug_macro   0x0000000000014525      0x136 ./Core/Src/ds24b33.o
 .debug_macro   0x000000000001465b      0x1bc ./Core/Src/ds24b33.o
 .debug_macro   0x0000000000014817       0x34 ./Core/Src/ds24b33.o
 .debug_macro   0x000000000001484b       0x3c ./Core/Src/ds24b33.o
 .debug_macro   0x0000000000014887       0x57 ./Core/Src/ds24b33.o
 .debug_macro   0x00000000000148de       0x88 ./Core/Src/ds24b33.o
 .debug_macro   0x0000000000014966      0x241 ./Core/Src/ds24b33.o
 .debug_macro   0x0000000000014ba7      0x141 ./Core/Src/ds24b33.o
 .debug_macro   0x0000000000014ce8      0x279 ./Core/Src/ds24b33.o
 .debug_macro   0x0000000000014f61       0x83 ./Core/Src/ds24b33.o
 .debug_macro   0x0000000000014fe4       0x22 ./Core/Src/ds24b33.o
 .debug_macro   0x0000000000015006      0x34c ./Core/Src/main.o
 .debug_macro   0x0000000000015352       0x40 ./Core/Src/main.o
 .debug_macro   0x0000000000015392       0x28 ./Core/Src/main.o
 .debug_macro   0x00000000000153ba       0x52 ./Core/Src/main.o
 .debug_macro   0x000000000001540c       0x18 ./Core/Src/main.o
 .debug_macro   0x0000000000015424       0x3c ./Core/Src/main.o
 .debug_macro   0x0000000000015460       0x34 ./Core/Src/main.o
 .debug_macro   0x0000000000015494       0x16 ./Core/Src/main.o
 .debug_macro   0x00000000000154aa       0x35 ./Core/Src/main.o
 .debug_macro   0x00000000000154df      0x341 ./Core/Src/main.o
 .debug_macro   0x0000000000015820       0x10 ./Core/Src/main.o
 .debug_macro   0x0000000000015830       0x16 ./Core/Src/main.o
 .debug_macro   0x0000000000015846       0x43 ./Core/Src/main.o
 .debug_macro   0x0000000000015889       0x34 ./Core/Src/main.o
 .debug_macro   0x00000000000158bd       0x10 ./Core/Src/main.o
 .debug_macro   0x00000000000158cd       0x58 ./Core/Src/main.o
 .debug_macro   0x0000000000015925       0x71 ./Core/Src/main.o
 .debug_macro   0x0000000000015996       0x1c ./Core/Src/main.o
 .debug_macro   0x00000000000159b2      0x12a ./Core/Src/main.o
 .debug_macro   0x0000000000015adc       0x10 ./Core/Src/main.o
 .debug_macro   0x0000000000015aec       0x1c ./Core/Src/main.o
 .debug_macro   0x0000000000015b08       0x52 ./Core/Src/main.o
 .debug_macro   0x0000000000015b5a       0x22 ./Core/Src/main.o
 .debug_macro   0x0000000000015b7c       0x10 ./Core/Src/main.o
 .debug_macro   0x0000000000015b8c       0x52 ./Core/Src/main.o
 .debug_macro   0x0000000000015bde       0xd5 ./Core/Src/main.o
 .debug_macro   0x0000000000015cb3       0x1c ./Core/Src/main.o
 .debug_macro   0x0000000000015ccf       0x3d ./Core/Src/main.o
 .debug_macro   0x0000000000015d0c       0x16 ./Core/Src/main.o
 .debug_macro   0x0000000000015d22      0x145 ./Core/Src/main.o
 .debug_macro   0x0000000000015e67       0x16 ./Core/Src/main.o
 .debug_macro   0x0000000000015e7d       0x16 ./Core/Src/main.o
 .debug_macro   0x0000000000015e93       0x29 ./Core/Src/main.o
 .debug_macro   0x0000000000015ebc       0x22 ./Core/Src/main.o
 .debug_macro   0x0000000000015ede      0x19d ./Core/Src/onewire.o
 .debug_macro   0x000000000001607b      0x19d ./Core/Src/stm32f1xx_hal_msp.o
 .debug_macro   0x0000000000016218      0x1a7 ./Core/Src/stm32f1xx_it.o
 .debug_macro   0x00000000000163bf      0x18e ./Core/Src/system_stm32f1xx.o
 .debug_macro   0x000000000001654d      0x1b2 ./Drivers/STM32F1xx_HAL_Driver/Src/stm32f1xx_hal.o
 .debug_macro   0x00000000000166ff      0x18e ./Drivers/STM32F1xx_HAL_Driver/Src/stm32f1xx_hal_cortex.o
 .debug_macro   0x000000000001688d      0x1f9 ./Drivers/STM32F1xx_HAL_Driver/Src/stm32f1xx_hal_gpio.o
 .debug_macro   0x0000000000016a86      0x1a0 ./Drivers/STM32F1xx_HAL_Driver/Src/stm32f1xx_hal_rcc.o
 .debug_macro   0x0000000000016c26      0x18f ./Drivers/STM32F1xx_HAL_Driver/Src/stm32f1xx_hal_uart.o

.debug_line     0x0000000000000000     0x7455
 .debug_line    0x0000000000000000      0x763 ./Core/Src/ds24b33.o
 .debug_line    0x0000000000000763      0xbf6 ./Core/Src/main.o
 .debug_line    0x0000000000001359      0x717 ./Core/Src/onewire.o
 .debug_line    0x0000000000001a70      0x6d4 ./Core/Src/stm32f1xx_hal_msp.o
 .debug_line    0x0000000000002144      0x71f ./Core/Src/stm32f1xx_it.o
 .debug_line    0x0000000000002863      0x6db ./Core/Src/system_stm32f1xx.o
 .debug_line    0x0000000000002f3e       0x87 ./Core/Startup/startup_stm32f103rbtx.o
 .debug_line    0x0000000000002fc5      0x908 ./Drivers/STM32F1xx_HAL_Driver/Src/stm32f1xx_hal.o
 .debug_line    0x00000000000038cd      0xaf0 ./Drivers/STM32F1xx_HAL_Driver/Src/stm32f1xx_hal_cortex.o
 .debug_line    0x00000000000043bd      0x99f ./Drivers/STM32F1xx_HAL_Driver/Src/stm32f1xx_hal_gpio.o
 .debug_line    0x0000000000004d5c      0xd16 ./Drivers/STM32F1xx_HAL_Driver/Src/stm32f1xx_hal_rcc.o
 .debug_line    0x0000000000005a72     0x19e3 ./Drivers/STM32F1xx_HAL_Driver/Src/stm32f1xx_hal_uart.o

.debug_str      0x0000000000000000    0x8217e
 .debug_str     0x0000000000000000    0x7c795 ./Core/Src/ds24b33.o
                                      0x7cb29 (size before relaxing)
 .debug_str     0x000000000007c795     0x4301 ./Core/Src/main.o
                                      0x80d8c (size before relaxing)
 .debug_str     0x0000000000080a96       0xb6 ./Core/Src/onewire.o
                                      0x7cb5a (size before relaxing)
 .debug_str     0x0000000000080b4c       0xdf ./Core/Src/stm32f1xx_hal_msp.o
                                      0x7cb8a (size before relaxing)
 .debug_str     0x0000000000080c2b       0xc9 ./Core/Src/stm32f1xx_it.o
                                      0x7c742 (size before relaxing)
 .debug_str     0x0000000000080cf4       0x7e ./Core/Src/system_stm32f1xx.o
                                      0x7c67f (size before relaxing)
 .debug_str     0x0000000000080d72       0x36 ./Core/Startup/startup_stm32f103rbtx.o
                                         0x57 (size before relaxing)
 .debug_str     0x0000000000080da8      0x605 ./Drivers/STM32F1xx_HAL_Driver/Src/stm32f1xx_hal.o
                                      0x7cdb2 (size before relaxing)
 .debug_str     0x00000000000813ad      0x2bb ./Drivers/STM32F1xx_HAL_Driver/Src/stm32f1xx_hal_cortex.o
                                      0x7ccfe (size before relaxing)
 .debug_str     0x0000000000081668      0x322 ./Drivers/STM32F1xx_HAL_Driver/Src/stm32f1xx_hal_gpio.o
                                      0x7ca05 (size before relaxing)
 .debug_str     0x000000000008198a      0x1ff ./Drivers/STM32F1xx_HAL_Driver/Src/stm32f1xx_hal_rcc.o
                                      0x7caae (size before relaxing)
 .debug_str     0x0000000000081b89      0x5f5 ./Drivers/STM32F1xx_HAL_Driver/Src/stm32f1xx_hal_uart.o
                                      0x7d0b9 (size before relaxing)

.comment        0x0000000000000000       0x50
 .comment       0x0000000000000000       0x50 ./Core/Src/ds24b33.o
                                         0x51 (size before relaxing)
 .comment       0x0000000000000050       0x51 ./Core/Src/main.o
 .comment       0x0000000000000050       0x51 ./Core/Src/onewire.o
 .comment       0x0000000000000050       0x51 ./Core/Src/stm32f1xx_hal_msp.o
 .comment       0x0000000000000050       0x51 ./Core/Src/stm32f1xx_it.o
 .comment       0x0000000000000050       0x51 ./Core/Src/system_stm32f1xx.o
 .comment       0x0000000000000050       0x51 ./Drivers/STM32F1xx_HAL_Driver/Src/stm32f1xx_hal.o
 .comment       0x0000000000000050       0x51 ./Drivers/STM32F1xx_HAL_Driver/Src/stm32f1xx_hal_cortex.o
 .comment       0x0000000000000050       0x51 ./Drivers/STM32F1xx_HAL_Driver/Src/stm32f1xx_hal_gpio.o
 .comment       0x0000000000000050       0x51 ./Drivers/STM32F1xx_HAL_Driver/Src/stm32f1xx_hal_rcc.o
 .comment       0x0000000000000050       0x51 ./Drivers/STM32F1xx_HAL_Driver/Src/stm32f1xx_hal_uart.o

.debug_frame    0x0000000000000000     0x195c
 .debug_frame   0x0000000000000000       0xec ./Core/Src/ds24b33.o
 .debug_frame   0x00000000000000ec      0x1d0 ./Core/Src/main.o
 .debug_frame   0x00000000000002bc       0xa0 ./Core/Src/onewire.o
 .debug_frame   0x000000000000035c       0x80 ./Core/Src/stm32f1xx_hal_msp.o
 .debug_frame   0x00000000000003dc      0x104 ./Core/Src/stm32f1xx_it.o
 .debug_frame   0x00000000000004e0       0x58 ./Core/Src/system_stm32f1xx.o
 .debug_frame   0x0000000000000538      0x334 ./Drivers/STM32F1xx_HAL_Driver/Src/stm32f1xx_hal.o
 .debug_frame   0x000000000000086c      0x428 ./Drivers/STM32F1xx_HAL_Driver/Src/stm32f1xx_hal_cortex.o
 .debug_frame   0x0000000000000c94      0x14c ./Drivers/STM32F1xx_HAL_Driver/Src/stm32f1xx_hal_gpio.o
 .debug_frame   0x0000000000000de0      0x21c ./Drivers/STM32F1xx_HAL_Driver/Src/stm32f1xx_hal_rcc.o
 .debug_frame   0x0000000000000ffc      0x914 ./Drivers/STM32F1xx_HAL_Driver/Src/stm32f1xx_hal_uart.o
 .debug_frame   0x0000000000001910       0x2c d:/cubeide/stm32cubeide_1.12.0/stm32cubeide/plugins/com.st.stm32cube.ide.mcu.externaltools.gnu-tools-for-stm32.10.3-2021.10.win32_1.0.200.202301161003/tools/bin/../lib/gcc/arm-none-eabi/10.3.1/../../../../arm-none-eabi/lib/thumb/v7-m/nofp\libc_nano.a(lib_a-init.o)
 .debug_frame   0x000000000000193c       0x20 d:/cubeide/stm32cubeide_1.12.0/stm32cubeide/plugins/com.st.stm32cube.ide.mcu.externaltools.gnu-tools-for-stm32.10.3-2021.10.win32_1.0.200.202301161003/tools/bin/../lib/gcc/arm-none-eabi/10.3.1/../../../../arm-none-eabi/lib/thumb/v7-m/nofp\libc_nano.a(lib_a-memset.o)
